// Jest Snapshot v1, https://goo.gl/fbAQLP

exports[`<TextField /> should render TextField 1`] = ` `;

exports[`<TextField /> should render text field when have an error 1`] = ` `;
