// Jest Snapshot v1, https://goo.gl/fbAQLP

exports[`<FormSignUp /> should render FormSignUp 1`] = ` `;
