// Jest Snapshot v1, https://goo.gl/fbAQLP

exports[`<Ribbon /> should render with extra large size 1`] = `
.c0 {
  display: -webkit-box;
  display: -webkit-flex;
  display: -ms-flexbox;
  display: flex;
  -webkit-align-items: center;
  -webkit-box-align: center;
  -ms-flex-align: center;
  align-items: center;
  position: absolute;
  top: 5%;
  color: #FAFAFA;
  font-weight: 600;
  background: #F231A5;
  font-size: 1.8rem;
  padding: 0 3.2rem;
  height: 4rem;
  right: -3rem;
}

.c0::before {
  content: '';
  position: absolute;
  right: 0;
  border-style: solid;
  border-bottom-width: 1rem;
  border-left-width: 0rem;
  border-right-color: transparent;
  border-bottom-color: transparent;
}

.c0::before {
  border-left-color: #b20b6f;
  border-top-color: #b20b6f;
}

.c0::before {
  top: 4rem;
  border-top-width: 1.3rem;
  border-right-width: 3rem;
}

@media (max-width:768px) {
  .c0 {
    right: 0;
  }

  .c0::before {
    display: none;
  }
}

<div>
   
  <div
    class="c0"
    color="primary"
  >
     Ribbon Test
  </div>
   
</div>
`;
