// Jest Snapshot v1, https://goo.gl/fbAQLP

exports[`<FormSignIn /> should render FormSignIn 1`] = ` `;
