// Jest Snapshot v1, https://goo.gl/fbAQLP

exports[`<Heading /> should render heading with huge font size when size is huge 1`] = ` `;
