// Jest Snapshot v1, https://goo.gl/fbAQLP

exports[`<Radio /> should render default Radio 1`] = ` `;
